// Jest Snapshot v1, https://goo.gl/fbAQLP

exports[`App should render the App component consistently 1`] = `
<div>
  <div
    class="App"
  >
    Add your components here!
  </div>
</div>
`;
